 bulkusb

 Timestamp is 3df8ac0a (Thu Dec 12 16:32:26 2002)

 Preferred load address is 00010000

 Start         Length     Name                   Class
 0001:00000000 00009d66H .text                   CODE
 0002:00000000 000000dcH .idata$5                DATA
 0002:000000e0 0000003cH .rdata                  DATA
 0002:0000011c 00000057H .rdata$debug            DATA
 0003:00000000 00000010H .data                   DATA
 0003:00000010 00000008H .bss                    DATA
 0004:00000000 00000050H .idata$2                CODE
 0004:00000050 00000014H .idata$3                CODE
 0004:00000064 000000dcH .idata$4                CODE
 0004:00000140 00000438H .idata$6                CODE
 0005:00000000 000000d0H .rsrc$01                DATA
 0005:000000d0 00000620H .rsrc$02                DATA

  Address         Publics by Value              Rva+Base     Lib:Object

 0001:0000002c       _DriverEntry@8             0001032c f   bulkusb.obj
 0001:000001ad       _BulkUsb_DriverUnload@4    000104ad f   bulkusb.obj
 0001:0000033a       _BulkUsb_AddDevice@8       0001063a f   bulkusb.obj
 0001:000006f0       _InitializeListHead@4      000109f0 f i bulkusb.obj
 0001:00000842       _BulkUsb_DispatchPnP@8     00010b42 f   bulkpnp.obj
 0001:00000c8a       _HandleStartDevice@8       00010f8a f   bulkpnp.obj
 0001:0000102e       _ReadandSelectDescriptors@4 0001132e f   bulkpnp.obj
 0001:0000125f       _ConfigureDevice@4         0001155f f   bulkpnp.obj
 0001:000016ae       _SelectInterfaces@8        000119ae f   bulkpnp.obj
 0001:00001b68       _DeconfigureDevice@4       00011e68 f   bulkpnp.obj
 0001:00001c97       _CallUSBD@8                00011f97 f   bulkpnp.obj
 0001:00001e26       _HandleQueryStopDevice@8   00012126 f   bulkpnp.obj
 0001:00002053       _HandleCancelStopDevice@8  00012353 f   bulkpnp.obj
 0001:00002265       _HandleStopDevice@8        00012565 f   bulkpnp.obj
 0001:00002410       _HandleQueryRemoveDevice@8 00012710 f   bulkpnp.obj
 0001:000025e9       _HandleCancelRemoveDevice@8 000128e9 f   bulkpnp.obj
 0001:0000280a       _HandleSurpriseRemoval@8   00012b0a f   bulkpnp.obj
 0001:00002a6f       _HandleRemoveDevice@8      00012d6f f   bulkpnp.obj
 0001:00002dc8       _HandleQueryCapabilities@8 000130c8 f   bulkpnp.obj
 0001:0000309b       _DpcRoutine@16             0001339b f   bulkpnp.obj
 0001:0000323a       _IdleRequestWorkerRoutine@8 0001353a f   bulkpnp.obj
 0001:0000337e       _ProcessQueuedRequests@4   0001367e f   bulkpnp.obj
 0001:00003560       _RemoveHeadList@4          00013860 f i bulkpnp.obj
 0001:00003590       _InsertTailList@8          00013890 f i bulkpnp.obj
 0001:00003608       _BulkUsb_GetRegistryDword@12 00013908 f   bulkpnp.obj
 0001:00003730       _BulkUsb_DispatchClean@8   00013a30 f   bulkpnp.obj
 0001:000038a0       _RemoveEntryList@4         00013ba0 f i bulkpnp.obj
 0001:000038e2       _CanDeviceSuspend@4        00013be2 f   bulkpnp.obj
 0001:00003993       _BulkUsb_AbortPipes@4      00013c93 f   bulkpnp.obj
 0001:00003ae0       _IrpCompletionRoutine@12   00013de0 f   bulkpnp.obj
 0001:00003b29       _BulkUsb_IoIncrement@4     00013e29 f   bulkpnp.obj
 0001:00003c25       _BulkUsb_IoDecrement@4     00013f25 f   bulkpnp.obj
 0001:00003cf0       _CanRemoveDevice@8         00013ff0 f   bulkpnp.obj
 0001:00003cf0       _CanStopDevice@8           00013ff0 f   bulkpnp.obj
 0001:00003d00       _ReleaseMemory@4           00014000 f   bulkpnp.obj
 0001:00003ffe       _PnPMinorFunctionString@4  000142fe f   bulkpnp.obj
 0001:0000425c       _BulkUsb_DispatchPower@8   0001455c f   bulkpwr.obj
 0001:00004723       _HandleSystemQueryPower@8  00014a23 f   bulkpwr.obj
 0001:00004a41       _HandleSystemSetPower@8    00014d41 f   bulkpwr.obj
 0001:00004c63       _HandleDeviceQueryPower@8  00014f63 f   bulkpwr.obj
 0001:00004e6f       _SysPoCompletionRoutine@12 0001516f f   bulkpwr.obj
 0001:00004f8a       _SendDeviceIrp@8           0001528a f   bulkpwr.obj
 0001:0000511f       _DevPoCompletionRoutine@20 0001541f f   bulkpwr.obj
 0001:000053e9       _HandleDeviceSetPower@8    000156e9 f   bulkpwr.obj
 0001:000057a9       _FinishDevPoUpIrp@12       00015aa9 f   bulkpwr.obj
 0001:000058b4       _SetDeviceFunctional@12    00015bb4 f   bulkpwr.obj
 0001:00005a0d       _FinishDevPoDnIrp@12       00015d0d f   bulkpwr.obj
 0001:00005b5f       _HoldIoRequests@8          00015e5f f   bulkpwr.obj
 0001:00005de4       _HoldIoRequestsWorkerRoutine@8 000160e4 f   bulkpwr.obj
 0001:0000600e       _IssueWaitWake@4           0001630e f   bulkpwr.obj
 0001:00006103       _CancelWaitWake@4          00016403 f   bulkpwr.obj
 0001:000061e6       _WaitWakeCompletionRoutine@12 000164e6 f   bulkpwr.obj
 0001:000062f9       _WaitWakeCallback@20       000165f9 f   bulkpwr.obj
 0001:000064fb       _BulkUsb_DispatchCreate@8  000167fb f   bulkdev.obj
 0001:000067e2       _BulkUsb_DispatchClose@8   00016ae2 f   bulkdev.obj
 0001:00006982       _BulkUsb_DispatchDevCtrl@8 00016c82 f   bulkdev.obj
 0001:00006bdc       _BulkUsb_ResetPipe@8       00016edc f   bulkdev.obj
 0001:00006ccc       _BulkUsb_ResetDevice@4     00016fcc f   bulkdev.obj
 0001:00006de6       _BulkUsb_GetPortStatus@8   000170e6 f   bulkdev.obj
 0001:00006fbc       _BulkUsb_ResetParentPort@4 000172bc f   bulkdev.obj
 0001:000072de       _SubmitIdleRequestIrp@4    000175de f   bulkdev.obj
 0001:000077fd       _IdleNotificationCallback@4 00017afd f   bulkdev.obj
 0001:00007af3       _IdleNotificationRequestComplete@12 00017df3 f   bulkdev.obj
 0001:00007e7c       _CancelSelectSuspend@4     0001817c f   bulkdev.obj
 0001:00007fc6       _PoIrpCompletionFunc@20    000182c6 f   bulkdev.obj
 0001:0000803b       _PoIrpAsyncCompletionFunc@20 0001833b f   bulkdev.obj
 0001:00008086       _WWIrpCompletionFunc@20    00018386 f   bulkdev.obj
 0001:00008122       _BulkUsb_WmiRegistration@4 00018422 f   bulkwmi.obj
 0001:00008252       _BulkUsb_WmiDeRegistration@4 00018552 f   bulkwmi.obj
 0001:00008376       _BulkUsb_DispatchSysCtrl@8 00018676 f   bulkwmi.obj
 0001:00008608       _BulkUsb_QueryWmiRegInfo@24 00018908 f   bulkwmi.obj
 0001:000087fe       _BulkUsb_QueryWmiDataBlock@32 00018afe f   bulkwmi.obj
 0001:00008a47       _BulkUsb_SetWmiDataItem@28 00018d47 f   bulkwmi.obj
 0001:00008be8       _BulkUsb_SetWmiDataBlock@24 00018ee8 f   bulkwmi.obj
 0001:00008de2       _WMIMinorFunctionString@4  000190e2 f   bulkwmi.obj
 0001:00008edd       _BulkUsb_PipeWithName@8    000191dd f   bulkrwr.obj
 0001:000092ce       _BulkUsb_DispatchReadWrite@8 000195ce f   bulkrwr.obj
 0001:00009a44       _BulkUsb_ReadWriteCompletion@12 00019d44 f   bulkrwr.obj
 0001:00009d42       _DbgPrint                  0001a042 f   ntoskrnl:ntoskrnl.exe
 0001:00009d48       _IoQueueWorkItem@16        0001a048 f   ntoskrnl:ntoskrnl.exe
 0001:00009d4e       _IoAllocateWorkItem@4      0001a04e f   ntoskrnl:ntoskrnl.exe
 0001:00009d54       _IoFreeWorkItem@4          0001a054 f   ntoskrnl:ntoskrnl.exe
 0001:00009d5a       _WmiSystemControl@16       0001a05a f   wmilib:WMILIB.SYS
 0001:00009d60       _WmiCompleteRequest@20     0001a060 f   wmilib:WMILIB.SYS
 0002:00000000       __imp_@KfAcquireSpinLock@4 0001a080     hal:HAL.dll
 0002:00000004       __imp__KeGetCurrentIrql@0  0001a084     hal:HAL.dll
 0002:00000008       __imp_@KfReleaseSpinLock@8 0001a088     hal:HAL.dll
 0002:0000000c       \177HAL_NULL_THUNK_DATA    0001a08c     hal:HAL.dll
 0002:00000010       __imp__USBD_CreateConfigurationRequestEx@8 0001a090     usbd:USBD.SYS
 0002:00000014       __imp__USBD_ParseConfigurationDescriptorEx@28 0001a094     usbd:USBD.SYS
 0002:00000018       \177USBD_NULL_THUNK_DATA   0001a098     usbd:USBD.SYS
 0002:0000001c       __imp__WmiSystemControl@16 0001a09c     wmilib:WMILIB.SYS
 0002:00000020       __imp__WmiCompleteRequest@20 0001a0a0     wmilib:WMILIB.SYS
 0002:00000024       \177WMILIB_NULL_THUNK_DATA 0001a0a4     wmilib:WMILIB.SYS
 0002:00000028       __imp__PoSetPowerState@12  0001a0a8     ntoskrnl:ntoskrnl.exe
 0002:0000002c       __imp__IoDeleteDevice@4    0001a0ac     ntoskrnl:ntoskrnl.exe
 0002:00000030       __imp__KeInitializeEvent@12 0001a0b0     ntoskrnl:ntoskrnl.exe
 0002:00000034       __imp__KeInitializeSpinLock@4 0001a0b4     ntoskrnl:ntoskrnl.exe
 0002:00000038       __imp__IoCreateDevice@28   0001a0b8     ntoskrnl:ntoskrnl.exe
 0002:0000003c       __imp_@IofCallDriver@8     0001a0bc     ntoskrnl:ntoskrnl.exe
 0002:00000040       __imp__RtlAssert@16        0001a0c0     ntoskrnl:ntoskrnl.exe
 0002:00000044       __imp_@IofCompleteRequest@8 0001a0c4     ntoskrnl:ntoskrnl.exe
 0002:00000048       __imp__KeSetTimerEx@20     0001a0c8     ntoskrnl:ntoskrnl.exe
 0002:0000004c       __imp__IoSetDeviceInterfaceState@8 0001a0cc     ntoskrnl:ntoskrnl.exe
 0002:00000050       __imp__KeWaitForSingleObject@20 0001a0d0     ntoskrnl:ntoskrnl.exe
 0002:00000054       __imp__IoBuildDeviceIoControlRequest@36 0001a0d4     ntoskrnl:ntoskrnl.exe
 0002:00000058       __imp__KeCancelTimer@4     0001a0d8     ntoskrnl:ntoskrnl.exe
 0002:0000005c       __imp__KeSetEvent@12       0001a0dc     ntoskrnl:ntoskrnl.exe
 0002:00000060       __imp__IoQueueWorkItem@16  0001a0e0     ntoskrnl:ntoskrnl.exe
 0002:00000064       __imp__IoAllocateWorkItem@4 0001a0e4     ntoskrnl:ntoskrnl.exe
 0002:00000068       __imp__KeClearEvent@4      0001a0e8     ntoskrnl:ntoskrnl.exe
 0002:0000006c       __imp__IoFreeWorkItem@4    0001a0ec     ntoskrnl:ntoskrnl.exe
 0002:00000070       __imp__IoIsWdmVersionAvailable@8 0001a0f0     ntoskrnl:ntoskrnl.exe
 0002:00000074       __imp__RtlQueryRegistryValues@20 0001a0f4     ntoskrnl:ntoskrnl.exe
 0002:00000078       __imp__IoAttachDeviceToDeviceStack@8 0001a0f8     ntoskrnl:ntoskrnl.exe
 0002:0000007c       __imp_@InterlockedIncrement@4 0001a0fc     ntoskrnl:ntoskrnl.exe
 0002:00000080       __imp_@InterlockedDecrement@4 0001a100     ntoskrnl:ntoskrnl.exe
 0002:00000084       __imp__PoCallDriver@8      0001a104     ntoskrnl:ntoskrnl.exe
 0002:00000088       __imp__PoStartNextPowerIrp@4 0001a108     ntoskrnl:ntoskrnl.exe
 0002:0000008c       __imp__PoRequestPowerIrp@24 0001a10c     ntoskrnl:ntoskrnl.exe
 0002:00000090       __imp__IoCancelIrp@4       0001a110     ntoskrnl:ntoskrnl.exe
 0002:00000094       __imp__IoFreeIrp@4         0001a114     ntoskrnl:ntoskrnl.exe
 0002:00000098       __imp__IoAllocateIrp@8     0001a118     ntoskrnl:ntoskrnl.exe
 0002:0000009c       __imp__IoWMIRegistrationControl@8 0001a11c     ntoskrnl:ntoskrnl.exe
 0002:000000a0       __imp__RtlInitUnicodeString@8 0001a120     ntoskrnl:ntoskrnl.exe
 0002:000000a4       __imp__IoFreeMdl@4         0001a124     ntoskrnl:ntoskrnl.exe
 0002:000000a8       __imp__IoBuildPartialMdl@16 0001a128     ntoskrnl:ntoskrnl.exe
 0002:000000ac       __imp__IoAllocateMdl@20    0001a12c     ntoskrnl:ntoskrnl.exe
 0002:000000b0       __imp__KeInitializeDpc@12  0001a130     ntoskrnl:ntoskrnl.exe
 0002:000000b4       __imp__KeInitializeTimerEx@8 0001a134     ntoskrnl:ntoskrnl.exe
 0002:000000b8       __imp__ExFreePool@4        0001a138     ntoskrnl:ntoskrnl.exe
 0002:000000bc       __imp__ExAllocatePoolWithTag@12 0001a13c     ntoskrnl:ntoskrnl.exe
 0002:000000c0       __imp__IoRegisterDeviceInterface@16 0001a140     ntoskrnl:ntoskrnl.exe
 0002:000000c4       __imp__wcslen              0001a144     ntoskrnl:ntoskrnl.exe
 0002:000000c8       __imp__IoDetachDevice@4    0001a148     ntoskrnl:ntoskrnl.exe
 0002:000000cc       __imp__DbgPrint            0001a14c     ntoskrnl:ntoskrnl.exe
 0002:000000d0       __imp_@InterlockedExchange@8 0001a150     ntoskrnl:ntoskrnl.exe
 0002:000000d4       __imp__memmove             0001a154     ntoskrnl:ntoskrnl.exe
 0002:000000d8       \177ntoskrnl_NULL_THUNK_DATA 0001a158     ntoskrnl:ntoskrnl.exe
 0002:000000fc       _GUID_CLASS_I82930_BULK    0001a17c     bulkusb.obj
 0002:0000010c       _BULKUSB_WMI_STD_DATA_GUID 0001a18c     bulkwmi.obj
 0003:00000000       _DebugLevel                0001a200     bulkusb.obj
 0003:00000004       _BulkWmiGuidList           0001a204     bulkwmi.obj
 0003:00000010       _Globals                   0001a210     <common>
 0004:00000000       __IMPORT_DESCRIPTOR_ntoskrnl 0001a280     ntoskrnl:ntoskrnl.exe
 0004:00000014       __IMPORT_DESCRIPTOR_HAL    0001a294     hal:HAL.dll
 0004:00000028       __IMPORT_DESCRIPTOR_WMILIB 0001a2a8     wmilib:WMILIB.SYS
 0004:0000003c       __IMPORT_DESCRIPTOR_USBD   0001a2bc     usbd:USBD.SYS
 0004:00000050       __NULL_IMPORT_DESCRIPTOR   0001a2d0     ntoskrnl:ntoskrnl.exe

 entry point at        0001:0000002c

 Static symbols

